TAP version 13
# Subtest: context is an exact server-derived identity tuple, not a verified flag
ok 1 - context is an exact server-derived identity tuple, not a verified flag
  ---
  duration_ms: 3.3697
  type: 'test'
  ...
# Subtest: proposal rejects an authority field, unknown executor, forged reference and unbounded path
ok 2 - proposal rejects an authority field, unknown executor, forged reference and unbounded path
  ---
  duration_ms: 4.5245
  type: 'test'
  ...
# Subtest: new capability sets cannot inherit an old grant
ok 3 - new capability sets cannot inherit an old grant
  ---
  duration_ms: 1.386
  type: 'test'
  ...
# Subtest: all initial profile decisions are application-owned
ok 4 - all initial profile decisions are application-owned
  ---
  duration_ms: 0.1488
  type: 'test'
  ...
# Subtest: path, suite and owned-restore limits are enforced independently
ok 5 - path, suite and owned-restore limits are enforced independently
  ---
  duration_ms: 0.3391
  type: 'test'
  ...
# Subtest: proposal/receipt digests ignore delivery state, never exact work or output
ok 6 - proposal/receipt digests ignore delivery state, never exact work or output
  ---
  duration_ms: 0.4603
  type: 'test'
  ...
# Subtest: conversational safe-auto plans, edits, observes actual service receipt, and completes without approval bypass
ok 7 - conversational safe-auto plans, edits, observes actual service receipt, and completes without approval bypass
  ---
  duration_ms: 587.1294
  type: 'test'
  ...
# Subtest: ask-profile pauses each effect and survives orchestrator replacement after exact approval
ok 8 - ask-profile pauses each effect and survives orchestrator replacement after exact approval
  ---
  duration_ms: 543.9166
  type: 'test'
  ...
# Subtest: durable run preserves the planner role across restart and rejects role substitution
ok 9 - durable run preserves the planner role across restart and rejects role substitution
  ---
  duration_ms: 249.6824
  type: 'test'
  ...
# Subtest: a stale pending edit is durably stopped on resume without approval
ok 10 - a stale pending edit is durably stopped on resume without approval
  ---
  duration_ms: 321.4136
  type: 'test'
  ...
# Subtest: a stale pending edit is durably stopped on approval then resume
ok 11 - a stale pending edit is durably stopped on approval then resume
  ---
  duration_ms: 322.38
  type: 'test'
  ...
# Subtest: revoked pending authority fails on resume instead of waiting for an impossible approval
ok 12 - revoked pending authority fails on resume instead of waiting for an impossible approval
  ---
  duration_ms: 280.0689
  type: 'test'
  ...
# Subtest: one bounded repair is based on a real failed test receipt and fresh immutable snapshot
ok 13 - one bounded repair is based on a real failed test receipt and fresh immutable snapshot
  ---
  duration_ms: 646.0734
  type: 'test'
  ...
# Subtest: repeated failed tests stop at the repair budget instead of forming an unbounded agent loop
ok 14 - repeated failed tests stop at the repair budget instead of forming an unbounded agent loop
  ---
  duration_ms: 712.4193
  type: 'test'
  ...
# Subtest: planner output cannot add approval, runtime paths, shell execution or a fake completed receipt
ok 15 - planner output cannot add approval, runtime paths, shell execution or a fake completed receipt
  ---
  duration_ms: 1034.3957
  type: 'test'
  ...
# Subtest: read-only denies an effect even when a planner disregards the supplied allowed capability list
ok 16 - read-only denies an effect even when a planner disregards the supplied allowed capability list
  ---
  duration_ms: 274.1359
  type: 'test'
  ...
# Subtest: revocation before resumed approval blocks effects; a different participant cannot inspect a run
ok 17 - revocation before resumed approval blocks effects; a different participant cannot inspect a run
  ---
  duration_ms: 305.9061
  type: 'test'
  ...
# Subtest: uncertain test result pauses durable orchestration and does not repeat the process
ok 18 - uncertain test result pauses durable orchestration and does not repeat the process
  ---
  duration_ms: 551.2717
  type: 'test'
  ...
# Subtest: planner deadline aborts advisory work and authorizes no effect
ok 19 - planner deadline aborts advisory work and authorizes no effect
  ---
  duration_ms: 256.3078
  type: 'test'
  ...
# Subtest: encrypted plans survive listing/reload without plaintext source or summary in raw runs
ok 20 - encrypted plans survive listing/reload without plaintext source or summary in raw runs
  ---
  duration_ms: 462.2436
  type: 'test'
  ...
# Subtest: explicit new-session grant continuation invalidates old approvals and plans fresh
ok 21 - explicit new-session grant continuation invalidates old approvals and plans fresh
  ---
  duration_ms: 478.3087
  type: 'test'
  ...
# Subtest: replacement planner never receives a restore receipt whose affected paths exceed its narrowed grant
ok 22 - replacement planner never receives a restore receipt whose affected paths exceed its narrowed grant
  ---
  duration_ms: 342.2653
  type: 'test'
  ...
# Subtest: an unknown old test outcome blocks replacement-grant continuation
ok 23 - an unknown old test outcome blocks replacement-grant continuation
  ---
  duration_ms: 408.2249
  type: 'test'
  ...
# Subtest: logout between conversational steps prevents every following effect
ok 24 - logout between conversational steps prevents every following effect
  ---
  duration_ms: 375.5974
  type: 'test'
  ...
# Subtest: planner receives only grant-selected file contents and no opaque full reference
ok 25 - planner receives only grant-selected file contents and no opaque full reference
  ---
  duration_ms: 383.7011
  type: 'test'
  ...
# Subtest: actual planner receives durable failed-test progress before the sole permitted repair
ok 26 - actual planner receives durable failed-test progress before the sole permitted repair
  ---
  duration_ms: 548.2409
  type: 'test'
  ...
# Subtest: actual planner cannot gain a third attempt by disregarding the repair progress
ok 27 - actual planner cannot gain a third attempt by disregarding the repair progress
  ---
  duration_ms: 384.2892
  type: 'test'
  ...
# Subtest: code planner protocol keeps preview-only separate from actual effect authority
ok 28 - code planner protocol keeps preview-only separate from actual effect authority
  ---
  duration_ms: 444.4617
  type: 'test'
  ...
# Subtest: code planner protocol keeps approval-sequence separate from actual effect authority
ok 29 - code planner protocol keeps approval-sequence separate from actual effect authority
  ---
  duration_ms: 560.56
  type: 'test'
  ...
# Subtest: code planner protocol keeps read-only separate from actual effect authority
ok 30 - code planner protocol keeps read-only separate from actual effect authority
  ---
  duration_ms: 385.7031
  type: 'test'
  ...
# Subtest: code planner protocol keeps explain-only separate from actual effect authority
ok 31 - code planner protocol keeps explain-only separate from actual effect authority
  ---
  duration_ms: 358.5055
  type: 'test'
  ...
# Subtest: agent planner protocol keeps preview-only separate from actual effect authority
ok 32 - agent planner protocol keeps preview-only separate from actual effect authority
  ---
  duration_ms: 325.1306
  type: 'test'
  ...
# Subtest: agent planner protocol keeps approval-sequence separate from actual effect authority
ok 33 - agent planner protocol keeps approval-sequence separate from actual effect authority
  ---
  duration_ms: 509.5746
  type: 'test'
  ...
# Subtest: agent planner protocol keeps read-only separate from actual effect authority
ok 34 - agent planner protocol keeps read-only separate from actual effect authority
  ---
  duration_ms: 334.279
  type: 'test'
  ...
# Subtest: agent planner protocol keeps explain-only separate from actual effect authority
ok 35 - agent planner protocol keeps explain-only separate from actual effect authority
  ---
  duration_ms: 341.4937
  type: 'test'
  ...
# Subtest: whole-plan preflight rejects invented references before any new action
ok 36 - whole-plan preflight rejects invented references before any new action
  ---
  duration_ms: 211.8301
  type: 'test'
  ...
# Subtest: whole-plan preflight rejects foreign references before any new action
ok 37 - whole-plan preflight rejects foreign references before any new action
  ---
  duration_ms: 235.6604
  type: 'test'
  ...
# Subtest: whole-plan preflight rejects stale references before any new action
ok 38 - whole-plan preflight rejects stale references before any new action
  ---
  duration_ms: 266.3652
  type: 'test'
  ...
# Subtest: whole-plan preflight rejects future-invalidated references before any new action
ok 39 - whole-plan preflight rejects future-invalidated references before any new action
  ---
  duration_ms: 294.8074
  type: 'test'
  ...
# Subtest: whole-plan preflight rejects out-of-path references before any new action
ok 40 - whole-plan preflight rejects out-of-path references before any new action
  ---
  duration_ms: 220.7053
  type: 'test'
  ...
# Subtest: whole-plan preflight rejects out-of-suite references before any new action
ok 41 - whole-plan preflight rejects out-of-suite references before any new action
  ---
  duration_ms: 223.0265
  type: 'test'
  ...
# Subtest: valid supplied current restore still requires exact approval and restores only its owned revision
ok 42 - valid supplied current restore still requires exact approval and restores only its owned revision
  ---
  duration_ms: 438.9462
  type: 'test'
  ...
# Subtest: a project change during planning rejects the stale whole plan before dispatch
ok 43 - a project change during planning rejects the stale whole plan before dispatch
  ---
  duration_ms: 221.843
  type: 'test'
  ...
# Subtest: corrupt prior receipt cannot become a valid restore plan or create an effect
ok 44 - corrupt prior receipt cannot become a valid restore plan or create an effect
  ---
  duration_ms: 184.0511
  type: 'test'
  ...
# Subtest: stale pending authority is durably invalidated before returning the rejection
ok 45 - stale pending authority is durably invalidated before returning the rejection
  ---
  duration_ms: 7.5183
  type: 'test'
  ...
# Subtest: approval commits a stale rejection without creating an approval
ok 46 - approval commits a stale rejection without creating an approval
  ---
  duration_ms: 1.1734
  type: 'test'
  ...
# Subtest: revoked and expired undispatched grants retain their precise denial
ok 47 - revoked and expired undispatched grants retain their precise denial
  ---
  duration_ms: 1.849
  type: 'test'
  ...
# Subtest: wrong sessions, malformed digests, unavailable authority and storage errors cannot invalidate a proposal
ok 48 - wrong sessions, malformed digests, unavailable authority and storage errors cannot invalidate a proposal
  ---
  duration_ms: 2.4199
  type: 'test'
  ...
# Subtest: existing intents and terminal outcomes never become a never-dispatched denial
ok 49 - existing intents and terminal outcomes never become a never-dispatched denial
  ---
  duration_ms: 1.1802
  type: 'test'
  ...
# Subtest: valid pending authority stays pending and still requires its exact approval
ok 50 - valid pending authority stays pending and still requires its exact approval
  ---
  duration_ms: 0.6093
  type: 'test'
  ...
# Subtest: real PG: safe-auto publication atomically advances pointer, receipt and outbox once
ok 51 - real PG: safe-auto publication atomically advances pointer, receipt and outbox once
  ---
  duration_ms: 197.3725
  type: 'test'
  ...
# Subtest: real PG: scoped idempotency rejects changed requests and foreign identities
ok 52 - real PG: scoped idempotency rejects changed requests and foreign identities
  ---
  duration_ms: 146.3018
  type: 'test'
  ...
# Subtest: real PG: ask profile requires exact application approval; read-only cannot execute
ok 53 - real PG: ask profile requires exact application approval; read-only cannot execute
  ---
  duration_ms: 186.8178
  type: 'test'
  ...
# Subtest: real PG: same-session reload retains exact pending approval; a new login, expiry and revocation do not
ok 54 - real PG: same-session reload retains exact pending approval; a new login, expiry and revocation do not
  ---
  duration_ms: 138.5118
  type: 'test'
  ...
# Subtest: real PG: stale project proposals and cancelled tasks are not offered for approval
ok 55 - real PG: stale project proposals and cancelled tasks are not offered for approval
  ---
  duration_ms: 207.6659
  type: 'test'
  ...
# Subtest: real PG: effect-time revocation, expiry and stale project state fail closed
ok 56 - real PG: effect-time revocation, expiry and stale project state fail closed
  ---
  duration_ms: 219.8317
  type: 'test'
  ...
# Subtest: real PG: revoke after intent but before dispatch does not materialize
ok 57 - real PG: revoke after intent but before dispatch does not materialize
  ---
  duration_ms: 191.0746
  type: 'test'
  ...
# Subtest: real PG: two concurrent dispatchers do not execute the same proposal twice
ok 58 - real PG: two concurrent dispatchers do not execute the same proposal twice
  ---
  duration_ms: 163.4064
  type: 'test'
  ...
# Subtest: real PG: failed publication commit leaves pointer unchanged, then reconciles without repeating staging
ok 59 - real PG: failed publication commit leaves pointer unchanged, then reconciles without repeating staging
  ---
  duration_ms: 177.2422
  type: 'test'
  ...
# Subtest: real PG: lost acknowledgement replays durable receipt even after cancellation
ok 60 - real PG: lost acknowledgement replays durable receipt even after cancellation
  ---
  duration_ms: 165.2018
  type: 'test'
  ...
# Subtest: real PG: unknown test outcome is not inferred or blindly rerun
ok 61 - real PG: unknown test outcome is not inferred or blindly rerun
  ---
  duration_ms: 154.1
  type: 'test'
  ...
# Subtest: real PG: cancellation drains an already-started bounded test and preserves its actual result
ok 62 - real PG: cancellation drains an already-started bounded test and preserves its actual result
  ---
  duration_ms: 168.7915
  type: 'test'
  ...
# Subtest: real PG: cancel after staging preserves the original pointer and never publishes
ok 63 - real PG: cancel after staging preserves the original pointer and never publishes
  ---
  duration_ms: 163.4824
  type: 'test'
  ...
# Subtest: real PG: restore is scoped to an exact owned forward receipt and preserves versions
ok 64 - real PG: restore is scoped to an exact owned forward receipt and preserves versions
  ---
  duration_ms: 187.9993
  type: 'test'
  ...
# Subtest: real PG/LangGraph: a fresh process resumes an actual checkpoint without invoking the executor
ok 65 - real PG/LangGraph: a fresh process resumes an actual checkpoint without invoking the executor
  ---
  duration_ms: 1451.4614
  type: 'test'
  ...
# Subtest: encrypted PG roundtrip and fresh-process checkpoint resume do not retain source canaries in raw rows
ok 66 - encrypted PG roundtrip and fresh-process checkpoint resume do not retain source canaries in raw rows
  ---
  duration_ms: 1527.5163
  type: 'test'
  ...
# Subtest: encrypted records reject same-kind record swaps and foreign-project envelope substitution
ok 67 - encrypted records reject same-kind record swaps and foreign-project envelope substitution
  ---
  duration_ms: 124.0972
  type: 'test'
  ...
# Subtest: session logout after intent and before dispatch prevents the executor
ok 68 - session logout after intent and before dispatch prevents the executor
  ---
  duration_ms: 174.452
  type: 'test'
  ...
# Subtest: session logout after staging prevents logical revision publication
ok 69 - session logout after staging prevents logical revision publication
  ---
  duration_ms: 182.8407
  type: 'test'
  ...
# Subtest: task listing is owner/project scoped and bounded to twenty
ok 70 - task listing is owner/project scoped and bounded to twenty
  ---
  duration_ms: 239.8921
  type: 'test'
  ...
1..70
# tests 70
# suites 0
# pass 70
# fail 0
# cancelled 0
# skipped 0
# todo 0
# duration_ms 16668.8571
